Spark Command: /usr/lib/jvm/java-8-openjdk-amd64/jre/bin/java -cp /opt/spark-2.3.4-bin-hadoop2.7/conf/:/opt/spark-2.3.4-bin-hadoop2.7/jars/* -Xmx1g org.apache.spark.deploy.worker.Worker --webui-port 8081 spark://d6bbdf395d396609a2c54660559ae9f03ae06910-5fcb6c599c-9s6lm:7077
========================================
2025-01-13 11:15:18 INFO  Worker:2612 - Started daemon with process name: 2355@d6bbdf395d396609a2c54660559ae9f03ae06910-5fcb6c599c-9s6lm
2025-01-13 11:15:18 INFO  SignalUtils:54 - Registered signal handler for TERM
2025-01-13 11:15:18 INFO  SignalUtils:54 - Registered signal handler for HUP
2025-01-13 11:15:18 INFO  SignalUtils:54 - Registered signal handler for INT
2025-01-13 11:15:20 WARN  NativeCodeLoader:62 - Unable to load native-hadoop library for your platform... using builtin-java classes where applicable
2025-01-13 11:15:20 INFO  SecurityManager:54 - Changing view acls to: root
2025-01-13 11:15:20 INFO  SecurityManager:54 - Changing modify acls to: root
2025-01-13 11:15:20 INFO  SecurityManager:54 - Changing view acls groups to: 
2025-01-13 11:15:20 INFO  SecurityManager:54 - Changing modify acls groups to: 
2025-01-13 11:15:20 INFO  SecurityManager:54 - SecurityManager: authentication disabled; ui acls disabled; users  with view permissions: Set(root); groups with view permissions: Set(); users  with modify permissions: Set(root); groups with modify permissions: Set()
2025-01-13 11:15:21 INFO  Utils:54 - Successfully started service 'sparkWorker' on port 34099.
2025-01-13 11:15:22 INFO  Worker:54 - Starting Spark worker 10.124.27.138:34099 with 16 cores, 124.8 GB RAM
2025-01-13 11:15:22 INFO  Worker:54 - Running Spark version 2.3.4
2025-01-13 11:15:22 INFO  Worker:54 - Spark home: /opt/spark-2.3.4-bin-hadoop2.7
2025-01-13 11:15:22 INFO  log:192 - Logging initialized @5745ms
2025-01-13 11:15:22 INFO  Server:351 - jetty-9.3.z-SNAPSHOT, build timestamp: unknown, git hash: unknown
2025-01-13 11:15:22 INFO  Server:419 - Started @5915ms
2025-01-13 11:15:22 WARN  Utils:66 - Service 'WorkerUI' could not bind on port 8081. Attempting port 8082.
2025-01-13 11:15:22 WARN  Utils:66 - Service 'WorkerUI' could not bind on port 8082. Attempting port 8083.
2025-01-13 11:15:22 WARN  Utils:66 - Service 'WorkerUI' could not bind on port 8083. Attempting port 8084.
2025-01-13 11:15:22 INFO  AbstractConnector:278 - Started ServerConnector@393b4a15{HTTP/1.1,[http/1.1]}{0.0.0.0:8084}
2025-01-13 11:15:22 INFO  Utils:54 - Successfully started service 'WorkerUI' on port 8084.
2025-01-13 11:15:23 INFO  ContextHandler:781 - Started o.s.j.s.ServletContextHandler@4e9e4a24{/logPage,null,AVAILABLE,@Spark}
2025-01-13 11:15:23 INFO  ContextHandler:781 - Started o.s.j.s.ServletContextHandler@21bcf864{/logPage/json,null,AVAILABLE,@Spark}
2025-01-13 11:15:23 INFO  ContextHandler:781 - Started o.s.j.s.ServletContextHandler@542454e4{/,null,AVAILABLE,@Spark}
2025-01-13 11:15:23 INFO  ContextHandler:781 - Started o.s.j.s.ServletContextHandler@5818257f{/json,null,AVAILABLE,@Spark}
2025-01-13 11:15:23 INFO  ContextHandler:781 - Started o.s.j.s.ServletContextHandler@1e2199c0{/static,null,AVAILABLE,@Spark}
2025-01-13 11:15:23 INFO  ContextHandler:781 - Started o.s.j.s.ServletContextHandler@63fd3826{/log,null,AVAILABLE,@Spark}
2025-01-13 11:15:23 INFO  WorkerWebUI:54 - Bound WorkerWebUI to 0.0.0.0, and started at http://d6bbdf395d396609a2c54660559ae9f03ae06910-5fcb6c599c-9s6lm:8084
2025-01-13 11:15:23 INFO  Worker:54 - Connecting to master d6bbdf395d396609a2c54660559ae9f03ae06910-5fcb6c599c-9s6lm:7077...
2025-01-13 11:15:23 INFO  ContextHandler:781 - Started o.s.j.s.ServletContextHandler@3dffe48e{/metrics/json,null,AVAILABLE,@Spark}
2025-01-13 11:15:23 INFO  TransportClientFactory:267 - Successfully created connection to d6bbdf395d396609a2c54660559ae9f03ae06910-5fcb6c599c-9s6lm/10.124.27.138:7077 after 206 ms (0 ms spent in bootstraps)
2025-01-13 11:15:24 INFO  Worker:54 - Successfully registered with master spark://d6bbdf395d396609a2c54660559ae9f03ae06910-5fcb6c599c-9s6lm:7077